com/antobevi/javawebappeducacionit/repository/OwnerRepository.class
com/antobevi/javawebappeducacionit/service/PetService.class
com/antobevi/javawebappeducacionit/JavaWebAppEducacionitApplication.class
com/antobevi/javawebappeducacionit/repository/PetRepository.class
com/antobevi/javawebappeducacionit/model/User.class
com/antobevi/javawebappeducacionit/ServletInitializer.class
com/antobevi/javawebappeducacionit/config/JwtTokenUtil.class
com/antobevi/javawebappeducacionit/web/JwtRequestFilter.class
com/antobevi/javawebappeducacionit/config/SecurityConfig.class
com/antobevi/javawebappeducacionit/service/CustomUserDetailsService.class
com/antobevi/javawebappeducacionit/service/OwnerService.class
com/antobevi/javawebappeducacionit/service/UserService.class
com/antobevi/javawebappeducacionit/controller/OwnerViewController.class
com/antobevi/javawebappeducacionit/repository/UserRepository.class
com/antobevi/javawebappeducacionit/model/Owner.class
com/antobevi/javawebappeducacionit/controller/AuthController.class
com/antobevi/javawebappeducacionit/model/Pet.class
com/antobevi/javawebappeducacionit/controller/GlobalExceptionHandler.class
com/antobevi/javawebappeducacionit/controller/PetViewController.class
