/home/runner/work/2023-java-web-app-educacionit/2023-java-web-app-educacionit/src/main/java/com/antobevi/javawebappeducacionit/repository/PetRepository.java
/home/runner/work/2023-java-web-app-educacionit/2023-java-web-app-educacionit/src/main/java/com/antobevi/javawebappeducacionit/web/JwtRequestFilter.java
/home/runner/work/2023-java-web-app-educacionit/2023-java-web-app-educacionit/src/main/java/com/antobevi/javawebappeducacionit/ServletInitializer.java
/home/runner/work/2023-java-web-app-educacionit/2023-java-web-app-educacionit/src/main/java/com/antobevi/javawebappeducacionit/service/CustomUserDetailsService.java
/home/runner/work/2023-java-web-app-educacionit/2023-java-web-app-educacionit/src/main/java/com/antobevi/javawebappeducacionit/controller/GlobalExceptionHandler.java
/home/runner/work/2023-java-web-app-educacionit/2023-java-web-app-educacionit/src/main/java/com/antobevi/javawebappeducacionit/config/JwtTokenUtil.java
/home/runner/work/2023-java-web-app-educacionit/2023-java-web-app-educacionit/src/main/java/com/antobevi/javawebappeducacionit/repository/OwnerRepository.java
/home/runner/work/2023-java-web-app-educacionit/2023-java-web-app-educacionit/src/main/java/com/antobevi/javawebappeducacionit/controller/OwnerViewController.java
/home/runner/work/2023-java-web-app-educacionit/2023-java-web-app-educacionit/src/main/java/com/antobevi/javawebappeducacionit/service/UserService.java
/home/runner/work/2023-java-web-app-educacionit/2023-java-web-app-educacionit/src/main/java/com/antobevi/javawebappeducacionit/model/Pet.java
/home/runner/work/2023-java-web-app-educacionit/2023-java-web-app-educacionit/src/main/java/com/antobevi/javawebappeducacionit/config/SecurityConfig.java
/home/runner/work/2023-java-web-app-educacionit/2023-java-web-app-educacionit/src/main/java/com/antobevi/javawebappeducacionit/JavaWebAppEducacionitApplication.java
/home/runner/work/2023-java-web-app-educacionit/2023-java-web-app-educacionit/src/main/java/com/antobevi/javawebappeducacionit/controller/AuthController.java
/home/runner/work/2023-java-web-app-educacionit/2023-java-web-app-educacionit/src/main/java/com/antobevi/javawebappeducacionit/service/PetService.java
/home/runner/work/2023-java-web-app-educacionit/2023-java-web-app-educacionit/src/main/java/com/antobevi/javawebappeducacionit/service/OwnerService.java
/home/runner/work/2023-java-web-app-educacionit/2023-java-web-app-educacionit/src/main/java/com/antobevi/javawebappeducacionit/model/Owner.java
/home/runner/work/2023-java-web-app-educacionit/2023-java-web-app-educacionit/src/main/java/com/antobevi/javawebappeducacionit/repository/UserRepository.java
/home/runner/work/2023-java-web-app-educacionit/2023-java-web-app-educacionit/src/main/java/com/antobevi/javawebappeducacionit/model/User.java
/home/runner/work/2023-java-web-app-educacionit/2023-java-web-app-educacionit/src/main/java/com/antobevi/javawebappeducacionit/controller/PetViewController.java
